// Jest Snapshot v1, https://goo.gl/fbAQLP

exports[`renders homepage unchanged 1`] = `
<div>
  <main
    class="D(f) Fld(c) Ai(c) Jc(sb) P(32px) Bg(#fff)"
    lang="en"
  >
    <h1
      class="C(white) Bg(#fff) Fw(b) Fz(2rem)"
    >
      Welcome!
    </h1>
    <div
      class="z-10 max-w-5xl w-full items-center justify-between font-mono text-sm lg:flex"
    >
      <p>
        Get started by editing
        Â 
        <code
          class="font-mono font-bold"
        >
          src/app/page.tsx
        </code>
      </p>
      <div>
        <a
          class="pointer-events-none flex place-items-center gap-2 p-8 lg:pointer-events-auto lg:p-0"
          href="https://vercel.com?utm_source=create-next-app&utm_medium=appdir-template&utm_campaign=create-next-app"
          rel="noopener noreferrer"
          target="_blank"
        >
          By
          <img
            alt="Vercel Logo"
            class="dark:invert"
            data-nimg="1"
            decoding="async"
            fetchpriority="high"
            height="24"
            src="/vercel.svg"
            style="color: transparent;"
            width="100"
          />
        </a>
      </div>
    </div>
    <div>
      <img
        alt="Next.js Logo"
        class="relative dark:drop-shadow-[0_0_0.3rem_#ffffff70] dark:invert"
        data-nimg="1"
        decoding="async"
        fetchpriority="high"
        height="37"
        src="/next.svg"
        style="color: transparent;"
        width="180"
      />
    </div>
    <div
      class="mb-32 grid text-center lg:max-w-5xl lg:w-full lg:mb-0 lg:grid-cols-4 lg:text-left"
    >
      <a
        href="https://nextjs.org/docs?utm_source=create-next-app&utm_medium=appdir-template&utm_campaign=create-next-app"
        rel="noopener noreferrer"
        target="_blank"
      >
        <h2
          class="mb-3 text-2xl font-semibold"
        >
          Docs 
          <span
            class="inline-block transition-transform group-hover:translate-x-1 motion-reduce:transform-none"
          >
            -&gt;
          </span>
        </h2>
        <p
          class="m-0 max-w-[30ch] text-sm opacity-50"
        >
          Find in-depth information about Next.js features and API.
        </p>
      </a>
      <a
        href="https://nextjs.org/learn?utm_source=create-next-app&utm_medium=appdir-template-tw&utm_campaign=create-next-app"
        rel="noopener noreferrer"
        target="_blank"
      >
        <h2
          class="mb-3 text-2xl font-semibold"
        >
          Learn
           
          <span
            class="inline-block transition-transform group-hover:translate-x-1 motion-reduce:transform-none"
          >
            -&gt;
          </span>
        </h2>
        <p
          class="m-0 max-w-[30ch] text-sm opacity-50"
        >
          Learn about Next.js in an interactive course with&nbsp;quizzes!
        </p>
      </a>
      <a
        href="https://vercel.com/templates?framework=next.js&utm_source=create-next-app&utm_medium=appdir-template&utm_campaign=create-next-app"
        rel="noopener noreferrer"
        target="_blank"
      >
        <h2
          class="mb-3 text-2xl font-semibold"
        >
          Templates
           
          <span
            class="inline-block transition-transform group-hover:translate-x-1 motion-reduce:transform-none"
          >
            -&gt;
          </span>
        </h2>
        <p
          class="m-0 max-w-[30ch] text-sm opacity-50"
        >
          Explore starter templates for Next.js.
        </p>
      </a>
      <a
        href="https://vercel.com/new?utm_source=create-next-app&utm_medium=appdir-template&utm_campaign=create-next-app"
        rel="noopener noreferrer"
        target="_blank"
      >
        <h2
          class="mb-3 text-2xl font-semibold"
        >
          Deploy
           
          <span
            class="inline-block transition-transform group-hover:translate-x-1 motion-reduce:transform-none"
          >
            -&gt;
          </span>
        </h2>
        <p
          class="m-0 max-w-[30ch] text-sm opacity-50"
        >
          Instantly deploy your Next.js site to a shareable URL with Vercel.
        </p>
      </a>
    </div>
  </main>
</div>
`;
